fast_pipeline|requires Dune's classic PPX pipeline|%hamlet.te
parameter_row|chosen by a function parameter|%hamlet.te
named_handler|inline handler|%hamlet.te
user_or_pattern|not support this preceding pattern|%hamlet.te
partial_payload|not support this preceding pattern|%hamlet.te
non_refutation|refutation|write [%hamlet.propagate_e.auto] -> .
non_last|must be the last arm|explicit arms above
wildcard_before|a preceding arm uses|rest arms unreachable
fake_owner|marker is not owned by|%hamlet.te
wrong_kind|kind mismatch|propagate_e.auto
propagate_r_alias|propagate_s.auto|requirement propagation
outside_universe|outside the proven error universe|%hamlet.te
hidden_alias|abstract or hidden error row|%hamlet.te
grouped_requirement|groups multiple requirement tags|%hamlet.ts
external_no_cases|external error union has no|%hamlet.te
multiple_marker_sources|higher-order effect flow|%hamlet.te
exhausted_warning|warning 11|unused
generic_alias|Evidence.slot|Hamlet.t
generic_catch_cause_opaque_handler|cannot trace automatic marker source|%hamlet.te
generic_scoped_with_opaque_handler|support this handler pattern|%hamlet.te
generic_scoped_with_opaque_source|higher-order effect flow|%hamlet.te
layer_opaque_unwrap|chosen by a function parameter|%hamlet.te
layer_unwrap_try_catch_opaque_handler|chosen by a function parameter|%hamlet.te
layer_wrong_marker_channel|kind mismatch|propagate_e.auto
layer_provider_wrong_marker_channel|kind mismatch|propagate_s.auto
layer_provider_wrong_arity|not support this preceding pattern|%hamlet.ts
layer_provider_incomplete_handler|not support this preceding pattern|%hamlet.te
layer_provider_two_marker_sources|higher-order effect flow|%hamlet.te
layer_fake_owner|marker is not owned by|%hamlet.te
layer_aliased_owner|marker is not owned by|%hamlet.te
layer_cause_direct_marker|marker is not owned by|%hamlet.te
layer_defect_direct_marker|marker is not owned by|%hamlet.te
layer_tap_fail_direct_marker|marker is not owned by|%hamlet.te
