case_error_local_direct result=string errors=closed[Local_corrupt(string),Local_denied] requirements=closed[Local_io(Hamlet.P.t<Local_io.Tag.t>)]
case_error_cross_pipe result=string errors=closed[Storage_corrupt(string),Storage_timeout(string),Storage_unavailable(string)] requirements=closed[Storage(Hamlet.P.t<Automatic_propagation_external.Storage.Tag.t>)]
case_error_cross_subset result=string errors=closed[Storage_timeout(string)] requirements=Hamlet.never
case_error_recovery_adds result=string errors=closed[Local_corrupt(string),Local_denied,Recovery_error] requirements=closed[Local_io(Hamlet.P.t<Local_io.Tag.t>)]
case_error_guarded result=string errors=closed[Local_denied,Local_missing(string)] requirements=closed[Local_io(Hamlet.P.t<Local_io.Tag.t>)]
case_error_exhausted result=string errors=Hamlet.never requirements=Hamlet.never
case_error_function result=string errors=closed[Local_corrupt(string),Local_missing(string)] requirements=closed[Local_io(Hamlet.P.t<Local_io.Tag.t>)]
case_error_dependent result=string errors=closed[Local_denied] requirements=closed[Local_io(Hamlet.P.t<Local_io.Tag.t>)]
case_requirement_local_direct result=string errors=Hamlet.never requirements=closed[Local_audit(Hamlet.P.t<Local_audit.Tag.t>),Local_clock(Hamlet.P.t<Local_clock.Tag.t>)]
case_requirement_need result=string errors=Hamlet.never requirements=closed[Local_audit(Hamlet.P.t<Local_audit.Tag.t>),Local_logger(Hamlet.P.t<Local_logger.Tag.t>)]
case_requirement_guarded result=string errors=Hamlet.never requirements=closed[Local_audit(Hamlet.P.t<Local_audit.Tag.t>),Local_logger(Hamlet.P.t<Local_logger.Tag.t>)]
case_requirement_cross_pipe result=string errors=Hamlet.never requirements=closed[Clock(Hamlet.P.t<Automatic_propagation_external.Clock.Tag.t>)]
case_requirement_dependent result=string errors=Hamlet.never requirements=closed[Local_audit(Hamlet.P.t<Local_audit.Tag.t>)]
case_interleaved result=string errors=closed[Mixed_b(string)] requirements=closed[Local_clock(Hamlet.P.t<Local_clock.Tag.t>)]
case_recovery_requirement result=Local_audit.Tag.t errors=closed[Exact_b(string)] requirements=Hamlet.never
case_provision_error_then_catch result=string errors=closed[Provision_error(string)] requirements=Hamlet.never
case_linear_cross_cu result=unit errors=closed[Linear_e10,Linear_e11,Linear_e12,Linear_e13,Linear_e14,Linear_e15,Linear_e16,Linear_e3,Linear_e4,Linear_e5,Linear_e6,Linear_e7,Linear_e8,Linear_e9] requirements=closed[Linear(Hamlet.P.t<Automatic_propagation_external.Linear.Tag.t>)]
case_error_wrapped result=string errors=closed[Wrapped_second(string)] requirements=closed[Remote(Hamlet.P.t<Automatic_propagation_wrapped__Wrapped_fixture.Remote.Tag.t>)]
