case_layer_generic_cross_module result=Hamlet_subtractor_generic_helper_producer.Logger.Tag.t errors=closed[Timeout] requirements=Hamlet.never
case_layer_generic_nested_cross_module result=Hamlet_subtractor_generic_helper_producer.Logger.Tag.t errors=closed[Timeout] requirements=Hamlet.never
case_layer_generic_output_to_later_marker result=Hamlet_subtractor_generic_helper_producer.Logger.Tag.t errors=closed[Timeout] requirements=Hamlet.never
case_layer_generic_provide_to_effect result=unit errors=Hamlet.never requirements=Hamlet_subtractor_generic_helper_producer.Clock.Tag.r
case_layer_generic_provide_to_layer result=Hamlet_subtractor_generic_helper_producer.Metrics.Tag.t errors=Hamlet.never requirements=Hamlet_subtractor_generic_helper_producer.Clock.Tag.r
case_layer_generic_provide_merge_to_layer result=Hamlet_subtractor_generic_helper_producer.Metrics.Tag.t errors=Hamlet.never requirements=Hamlet_subtractor_generic_helper_producer.Clock.Tag.r
case_generic_first result=unit errors=principal[Recovery,Timeout] requirements=Hamlet.never
case_generic_second result=unit errors=principal[Offline,Recovery] requirements=Hamlet.never
