case_layer_catch_direct result=Logger.Tag.t errors=closed[Timeout] requirements=Hamlet.never
case_layer_catch_pipeline result=Logger.Tag.t errors=closed[Timeout] requirements=Hamlet.never
case_layer_structural result=Logger.Tag.t errors=Structural_errors.timeout requirements=Hamlet.never
case_layer_cross_cu_catalogue result=Logger.Tag.t errors=closed[Read_error(string),Write_error(int)] requirements=Hamlet.never
case_layer_generic_same_module result=Logger.Tag.t errors=closed[Offline,Timeout] requirements=Hamlet.never
case_layer_generic_nested result=Logger.Tag.t errors=closed[Offline] requirements=Hamlet.never
case_layer_generic_unwrap_same_module result=Logger.Tag.t errors=closed[Offline,Timeout] requirements=Hamlet.never
case_layer_generic_unwrap_output_to_later_marker result=Logger.Tag.t errors=closed[Timeout] requirements=Hamlet.never
case_layer_optional_fresh_direct result=Logger.Tag.t errors=closed[Timeout] requirements=Hamlet.never
case_layer_optional_fresh_pipeline result=Logger.Tag.t errors=closed[Timeout] requirements=Hamlet.never
case_layer_provide_to_effect_direct result=Logger.Tag.t errors=Hamlet.never requirements=Clock.Tag.r
case_layer_provide_to_effect_pipeline result=Logger.Tag.t errors=Hamlet.never requirements=Clock.Tag.r
case_layer_provide_to_layer_direct result=Metrics.Tag.t errors=Hamlet.never requirements=Clock.Tag.r
case_layer_provide_to_layer_pipeline result=Metrics.Tag.t errors=Hamlet.never requirements=Clock.Tag.r
case_layer_provide_merge_to_layer_direct result=Metrics.Tag.t errors=Hamlet.never requirements=Clock.Tag.r
case_layer_provide_merge_to_layer_pipeline result=Metrics.Tag.t errors=Hamlet.never requirements=Clock.Tag.r
case_layer_trace_make result=Logger.Tag.t errors=closed[Trace_timeout] requirements=Hamlet.never
case_layer_trace_fresh result=Logger.Tag.t errors=closed[Trace_timeout] requirements=Hamlet.never
case_layer_trace_merge_all result=Hamlet.Layer.row<object> errors=closed[Trace_timeout] requirements=Hamlet.never
case_layer_trace_merge_all_with_key result=Hamlet.Layer.row<object> errors=closed[Trace_timeout] requirements=Hamlet.never
case_layer_trace_or_die result=Logger.Tag.t errors=closed[Tap_timeout] requirements=Hamlet.never
case_layer_trace_catch_defect result=Logger.Tag.t errors=closed[Trace_timeout] requirements=Hamlet.never
case_layer_trace_catch_cause result=Logger.Tag.t errors=closed[Recovery_timeout] requirements=Hamlet.never
case_layer_trace_tap result=Logger.Tag.t errors=closed[Trace_timeout] requirements=Hamlet.never
case_layer_trace_tap_fail result=Logger.Tag.t errors=closed[Trace_timeout] requirements=Hamlet.never
case_layer_trace_tap_defect result=Logger.Tag.t errors=closed[Trace_timeout] requirements=Hamlet.never
case_layer_trace_tap_cause result=Logger.Tag.t errors=closed[Trace_timeout] requirements=Hamlet.never
case_layer_trace_unwrap result=Logger.Tag.t errors=closed[Trace_timeout] requirements=Hamlet.never
case_layer_trace_unwrap_builder result=Logger.Tag.t errors=closed[Trace_timeout] requirements=Hamlet.never
case_mixed_effect_marker_then_layer_marker result=Logger.Tag.t errors=closed[Trace_timeout] requirements=Hamlet.never
